Archive member included to satisfy reference by file (symbol)

c:/program files (x86)/atmel/studio/7.0/toolchain/arm/arm-gnu-toolchain/bin/../lib/gcc/arm-none-eabi/6.3.1/thumb/v6-m\libgcc.a(_udivsi3.o)
                              hpl/core/hpl_core_m0plus_base.o (__aeabi_uidiv)
c:/program files (x86)/atmel/studio/7.0/toolchain/arm/arm-gnu-toolchain/bin/../lib/gcc/arm-none-eabi/6.3.1/thumb/v6-m\libgcc.a(_dvmd_tls.o)
                              c:/program files (x86)/atmel/studio/7.0/toolchain/arm/arm-gnu-toolchain/bin/../lib/gcc/arm-none-eabi/6.3.1/thumb/v6-m\libgcc.a(_udivsi3.o) (__aeabi_idiv0)
c:/program files (x86)/atmel/studio/7.0/toolchain/arm/arm-gnu-toolchain/bin/../lib/gcc/arm-none-eabi/6.3.1/thumb/v6-m\libgcc.a(_aeabi_uldivmod.o)
                              hpl/sercom/hpl_sercom.o (__aeabi_uldivmod)
c:/program files (x86)/atmel/studio/7.0/toolchain/arm/arm-gnu-toolchain/bin/../lib/gcc/arm-none-eabi/6.3.1/thumb/v6-m\libgcc.a(_muldi3.o)
                              hpl/sercom/hpl_sercom.o (__aeabi_lmul)
c:/program files (x86)/atmel/studio/7.0/toolchain/arm/arm-gnu-toolchain/bin/../lib/gcc/arm-none-eabi/6.3.1/thumb/v6-m\libgcc.a(_fixunsdfsi.o)
                              hpl/sercom/hpl_sercom.o (__aeabi_d2uiz)
c:/program files (x86)/atmel/studio/7.0/toolchain/arm/arm-gnu-toolchain/bin/../lib/gcc/arm-none-eabi/6.3.1/thumb/v6-m\libgcc.a(_udivmoddi4.o)
                              c:/program files (x86)/atmel/studio/7.0/toolchain/arm/arm-gnu-toolchain/bin/../lib/gcc/arm-none-eabi/6.3.1/thumb/v6-m\libgcc.a(_aeabi_uldivmod.o) (__udivmoddi4)
c:/program files (x86)/atmel/studio/7.0/toolchain/arm/arm-gnu-toolchain/bin/../lib/gcc/arm-none-eabi/6.3.1/thumb/v6-m\libgcc.a(divdf3.o)
                              hpl/sercom/hpl_sercom.o (__aeabi_ddiv)
c:/program files (x86)/atmel/studio/7.0/toolchain/arm/arm-gnu-toolchain/bin/../lib/gcc/arm-none-eabi/6.3.1/thumb/v6-m\libgcc.a(muldf3.o)
                              hpl/sercom/hpl_sercom.o (__aeabi_dmul)
c:/program files (x86)/atmel/studio/7.0/toolchain/arm/arm-gnu-toolchain/bin/../lib/gcc/arm-none-eabi/6.3.1/thumb/v6-m\libgcc.a(subdf3.o)
                              hpl/sercom/hpl_sercom.o (__aeabi_dsub)
c:/program files (x86)/atmel/studio/7.0/toolchain/arm/arm-gnu-toolchain/bin/../lib/gcc/arm-none-eabi/6.3.1/thumb/v6-m\libgcc.a(fixdfsi.o)
                              c:/program files (x86)/atmel/studio/7.0/toolchain/arm/arm-gnu-toolchain/bin/../lib/gcc/arm-none-eabi/6.3.1/thumb/v6-m\libgcc.a(_fixunsdfsi.o) (__aeabi_d2iz)
c:/program files (x86)/atmel/studio/7.0/toolchain/arm/arm-gnu-toolchain/bin/../lib/gcc/arm-none-eabi/6.3.1/thumb/v6-m\libgcc.a(floatsidf.o)
                              hpl/sercom/hpl_sercom.o (__aeabi_i2d)
c:/program files (x86)/atmel/studio/7.0/toolchain/arm/arm-gnu-toolchain/bin/../lib/gcc/arm-none-eabi/6.3.1/thumb/v6-m\libgcc.a(floatunsidf.o)
                              hpl/sercom/hpl_sercom.o (__aeabi_ui2d)
c:/program files (x86)/atmel/studio/7.0/toolchain/arm/arm-gnu-toolchain/bin/../lib/gcc/arm-none-eabi/6.3.1/thumb/v6-m\libgcc.a(_arm_cmpdf2.o)
                              c:/program files (x86)/atmel/studio/7.0/toolchain/arm/arm-gnu-toolchain/bin/../lib/gcc/arm-none-eabi/6.3.1/thumb/v6-m\libgcc.a(_fixunsdfsi.o) (__aeabi_dcmpge)
c:/program files (x86)/atmel/studio/7.0/toolchain/arm/arm-gnu-toolchain/bin/../lib/gcc/arm-none-eabi/6.3.1/thumb/v6-m\libgcc.a(_clzsi2.o)
                              c:/program files (x86)/atmel/studio/7.0/toolchain/arm/arm-gnu-toolchain/bin/../lib/gcc/arm-none-eabi/6.3.1/thumb/v6-m\libgcc.a(divdf3.o) (__clzsi2)
c:/program files (x86)/atmel/studio/7.0/toolchain/arm/arm-gnu-toolchain/bin/../lib/gcc/arm-none-eabi/6.3.1/thumb/v6-m\libgcc.a(_clzdi2.o)
                              c:/program files (x86)/atmel/studio/7.0/toolchain/arm/arm-gnu-toolchain/bin/../lib/gcc/arm-none-eabi/6.3.1/thumb/v6-m\libgcc.a(_udivmoddi4.o) (__clzdi2)
c:/program files (x86)/atmel/studio/7.0/toolchain/arm/arm-gnu-toolchain/bin/../lib/gcc/arm-none-eabi/6.3.1/thumb/v6-m\libgcc.a(eqdf2.o)
                              c:/program files (x86)/atmel/studio/7.0/toolchain/arm/arm-gnu-toolchain/bin/../lib/gcc/arm-none-eabi/6.3.1/thumb/v6-m\libgcc.a(_arm_cmpdf2.o) (__eqdf2)
c:/program files (x86)/atmel/studio/7.0/toolchain/arm/arm-gnu-toolchain/bin/../lib/gcc/arm-none-eabi/6.3.1/thumb/v6-m\libgcc.a(gedf2.o)
                              c:/program files (x86)/atmel/studio/7.0/toolchain/arm/arm-gnu-toolchain/bin/../lib/gcc/arm-none-eabi/6.3.1/thumb/v6-m\libgcc.a(_arm_cmpdf2.o) (__gedf2)
c:/program files (x86)/atmel/studio/7.0/toolchain/arm/arm-gnu-toolchain/bin/../lib/gcc/arm-none-eabi/6.3.1/thumb/v6-m\libgcc.a(ledf2.o)
                              c:/program files (x86)/atmel/studio/7.0/toolchain/arm/arm-gnu-toolchain/bin/../lib/gcc/arm-none-eabi/6.3.1/thumb/v6-m\libgcc.a(_arm_cmpdf2.o) (__ledf2)
[...]
Memory Configuration

Name             Origin             Length             Attributes
rom              0x00000000         0x00040000         xr
ram              0x20000000         0x00008000         xrw
*default*        0x00000000         0xffffffff

Linker script and memory map

LOAD c:/program files (x86)/atmel/studio/7.0/toolchain/arm/arm-gnu-toolchain/bin/../lib/gcc/arm-none-eabi/6.3.1/thumb/v6-m/crti.o
LOAD c:/program files (x86)/atmel/studio/7.0/toolchain/arm/arm-gnu-toolchain/bin/../lib/gcc/arm-none-eabi/6.3.1/thumb/v6-m/crtbegin.o
LOAD c:/program files (x86)/atmel/studio/7.0/toolchain/arm/arm-gnu-toolchain/bin/../lib/gcc/arm-none-eabi/6.3.1/../../../../arm-none-eabi/lib/thumb/v6-m/crt0.o
LOAD atmel_start.o
LOAD Device_Startup/startup_samd21.o
LOAD Device_Startup/system_samd21.o
LOAD driver_init.o
LOAD examples/driver_examples.o
LOAD hal/src/hal_atomic.o
LOAD hal/src/hal_delay.o
LOAD hal/src/hal_gpio.o
LOAD hal/src/hal_i2c_m_sync.o
LOAD hal/src/hal_init.o
LOAD hal/src/hal_io.o
LOAD hal/src/hal_sleep.o
LOAD hal/src/hal_usart_sync.o
LOAD hal/utils/src/utils_assert.o
LOAD hal/utils/src/utils_event.o
LOAD hal/utils/src/utils_list.o
LOAD hal/utils/src/utils_syscalls.o
LOAD hpl/core/hpl_core_m0plus_base.o
LOAD hpl/core/hpl_init.o
LOAD hpl/dmac/hpl_dmac.o
LOAD hpl/gclk/hpl_gclk.o
LOAD hpl/pm/hpl_pm.o
LOAD hpl/sercom/hpl_sercom.o
LOAD hpl/sysctrl/hpl_sysctrl.o
LOAD hpl/systick/hpl_systick.o
LOAD main.o
LOAD SSD1306_I2C.o
LOAD stdio_redirect/gcc/read.o
LOAD stdio_redirect/gcc/write.o
LOAD stdio_redirect/stdio_io.o
LOAD stdio_start.o
START GROUP
LOAD c:/program files (x86)/atmel/studio/7.0/toolchain/arm/arm-gnu-toolchain/bin/../lib/gcc/arm-none-eabi/6.3.1/../../../../arm-none-eabi/lib/thumb/v6-m\libm.a
END GROUP
START GROUP
LOAD c:/program files (x86)/atmel/studio/7.0/toolchain/arm/arm-gnu-toolchain/bin/../lib/gcc/arm-none-eabi/6.3.1/thumb/v6-m\libgcc.a
LOAD c:/program files (x86)/atmel/studio/7.0/toolchain/arm/arm-gnu-toolchain/bin/../lib/gcc/arm-none-eabi/6.3.1/../../../../arm-none-eabi/lib/thumb/v6-m\libc_nano.a
END GROUP
START GROUP
LOAD c:/program files (x86)/atmel/studio/7.0/toolchain/arm/arm-gnu-toolchain/bin/../lib/gcc/arm-none-eabi/6.3.1/thumb/v6-m\libgcc.a
LOAD c:/program files (x86)/atmel/studio/7.0/toolchain/arm/arm-gnu-toolchain/bin/../lib/gcc/arm-none-eabi/6.3.1/../../../../arm-none-eabi/lib/thumb/v6-m\libc_nano.a
END GROUP
LOAD c:/program files (x86)/atmel/studio/7.0/toolchain/arm/arm-gnu-toolchain/bin/../lib/gcc/arm-none-eabi/6.3.1/thumb/v6-m/crtend.o
LOAD c:/program files (x86)/atmel/studio/7.0/toolchain/arm/arm-gnu-toolchain/bin/../lib/gcc/arm-none-eabi/6.3.1/thumb/v6-m/crtn.o
                0x00002000                STACK_SIZE = DEFINED (STACK_SIZE)?STACK_SIZE:DEFINED (__stack_size__)?__stack_size__:0x2000

.text           0x00000000     0x3048
                0x00000000                . = ALIGN (0x4)
                0x00000000                _sfixed = .
 *(.vectors .vectors.*)
 .vectors       0x00000000       0xb4 Device_Startup/startup_samd21.o
                0x00000000                exception_table
 *(.text .text.* .gnu.linkonce.t.*)
 .text          0x000000b4       0x60 c:/program files (x86)/atmel/studio/7.0/toolchain/arm/arm-gnu-toolchain/bin/../lib/gcc/arm-none-eabi/6.3.1/thumb/v6-m/crtbegin.o
 .text.atmel_start_init
                0x00000114       0x14 atmel_start.o
                0x00000114                atmel_start_init
 .text.Dummy_Handler
                0x00000128        0x2 Device_Startup/startup_samd21.o
                0x00000128                SVCall_Handler
                0x00000128                DMAC_Handler
                0x00000128                HardFault_Handler
                0x00000128                AC_Handler
                0x00000128                SysTick_Handler
                0x00000128                PendSV_Handler
                0x00000128                TC7_Handler
                0x00000128                SERCOM1_Handler
                0x00000128                ADC_Handler
                0x00000128                NonMaskableInt_Handler
                0x00000128                TCC1_Handler
                0x00000128                SERCOM2_Handler
                0x00000128                TCC0_Handler
                0x00000128                RTC_Handler
                0x00000128                EIC_Handler
                0x00000128                TC6_Handler
                0x00000128                WDT_Handler
                0x00000128                TC4_Handler
                0x00000128                USB_Handler
                0x00000128                TC3_Handler
                0x00000128                Dummy_Handler
                0x00000128                PM_Handler
                0x00000128                SERCOM5_Handler
                0x00000128                TCC2_Handler
                0x00000128                EVSYS_Handler
                0x00000128                SERCOM3_Handler
                0x00000128                SERCOM4_Handler
                0x00000128                I2S_Handler
                0x00000128                NVMCTRL_Handler
                0x00000128                SERCOM0_Handler
                0x00000128                DAC_Handler
                0x00000128                PTC_Handler
                0x00000128                TC5_Handler
                0x00000128                SYSCTRL_Handler
 *fill*         0x0000012a        0x2 
 .text.Reset_Handler
                0x0000012c       0xe4 Device_Startup/startup_samd21.o
                0x0000012c                Reset_Handler
 .text.I2C0_PORT_init
                0x00000210       0x50 driver_init.o
                0x00000210                I2C0_PORT_init
 .text.I2C0_CLOCK_init
                0x00000260       0x28 driver_init.o
                0x00000260                I2C0_CLOCK_init
 .text.I2C0_init
                0x00000288       0x28 driver_init.o
                0x00000288                I2C0_init
 .text.TARGET_IO_PORT_init
                0x000002b0       0x40 driver_init.o
                0x000002b0                TARGET_IO_PORT_init
 .text.TARGET_IO_CLOCK_init
                0x000002f0       0x20 driver_init.o
                0x000002f0                TARGET_IO_CLOCK_init
 .text.TARGET_IO_init
                0x00000310       0x2c driver_init.o
                0x00000310                TARGET_IO_init
 .text.delay_driver_init
                0x0000033c       0x14 driver_init.o
                0x0000033c                delay_driver_init
 .text.system_init
                0x00000350       0x50 driver_init.o
                0x00000350                system_init
 .text.delay_init
                0x000003a0       0x14 hal/src/hal_delay.o
                0x000003a0                delay_init
 .text.delay_ms
                0x000003b4       0x20 hal/src/hal_delay.o
                0x000003b4                delay_ms
 .text.i2c_m_sync_write
                0x000003d4       0x30 hal/src/hal_i2c_m_sync.o
 .text.i2c_m_sync_read
                0x00000404       0x30 hal/src/hal_i2c_m_sync.o
 .text.i2c_m_sync_init
                0x00000434       0x40 hal/src/hal_i2c_m_sync.o
                0x00000434                i2c_m_sync_init
 .text.i2c_m_sync_enable
                0x00000474        0xc hal/src/hal_i2c_m_sync.o
                0x00000474                i2c_m_sync_enable
 .text.i2c_m_sync_set_slaveaddr
                0x00000480       0x12 hal/src/hal_i2c_m_sync.o
                0x00000480                i2c_m_sync_set_slaveaddr
 *fill*         0x00000492        0x2 
 .text.i2c_m_sync_transfer
                0x00000494        0xc hal/src/hal_i2c_m_sync.o
                0x00000494                i2c_m_sync_transfer
 .text.i2c_m_sync_get_io_descriptor
                0x000004a0        0x8 hal/src/hal_i2c_m_sync.o
                0x000004a0                i2c_m_sync_get_io_descriptor
 .text.io_write
                0x000004a8       0x34 hal/src/hal_io.o
                0x000004a8                io_write
 .text.io_read  0x000004dc       0x34 hal/src/hal_io.o
                0x000004dc                io_read
 .text.usart_sync_write
                0x00000510       0x7c hal/src/hal_usart_sync.o
 .text.usart_sync_read
                0x0000058c       0x68 hal/src/hal_usart_sync.o
 .text.usart_sync_init
                0x000005f4       0x4c hal/src/hal_usart_sync.o
                0x000005f4                usart_sync_init
 .text.usart_sync_enable
                0x00000640       0x2c hal/src/hal_usart_sync.o
                0x00000640                usart_sync_enable
 .text.assert   0x0000066c        0x8 hal/utils/src/utils_assert.o
                0x0000066c                assert
 .text._sbrk    0x00000674       0x24 hal/utils/src/utils_syscalls.o
                0x00000674                _sbrk
 .text._close   0x00000698        0x6 hal/utils/src/utils_syscalls.o
                0x00000698                _close
 .text._fstat   0x0000069e        0xa hal/utils/src/utils_syscalls.o
                0x0000069e                _fstat
 .text._lseek   0x000006a8        0x4 hal/utils/src/utils_syscalls.o
                0x000006a8                _lseek
 .text._get_cycles_for_ms
                0x000006ac        0x8 hpl/core/hpl_core_m0plus_base.o
                0x000006ac                _get_cycles_for_ms
 .text._init_chip
                0x000006b4       0x30 hpl/core/hpl_init.o
                0x000006b4                _init_chip
 .text._gclk_init_generators_by_fref
                0x000006e4       0x20 hpl/gclk/hpl_gclk.o
                0x000006e4                _gclk_init_generators_by_fref
 .text._pm_init
                0x00000704       0x20 hpl/pm/hpl_pm.o
                0x00000704                _pm_init
 .text._get_i2cm_index
                0x00000724       0x30 hpl/sercom/hpl_sercom.o
 .text._i2c_m_sync_init_impl
                0x00000754       0xdc hpl/sercom/hpl_sercom.o
 .text._usart_init
                0x00000830       0x9c hpl/sercom/hpl_sercom.o
 .text._usart_sync_init
                0x000008cc       0x2c hpl/sercom/hpl_sercom.o
                0x000008cc                _usart_sync_init
 .text._usart_sync_enable
                0x000008f8       0x14 hpl/sercom/hpl_sercom.o
                0x000008f8                _usart_sync_enable
 .text._usart_sync_write_byte
                0x0000090c        0x8 hpl/sercom/hpl_sercom.o
                0x0000090c                _usart_sync_write_byte
 .text._usart_sync_read_byte
                0x00000914        0x8 hpl/sercom/hpl_sercom.o
                0x00000914                _usart_sync_read_byte
 .text._usart_sync_is_ready_to_send
                0x0000091c        0xa hpl/sercom/hpl_sercom.o
                0x0000091c                _usart_sync_is_ready_to_send
 .text._usart_sync_is_transmit_done
                0x00000926        0xa hpl/sercom/hpl_sercom.o
                0x00000926                _usart_sync_is_transmit_done
 .text._usart_sync_is_byte_received
                0x00000930        0xa hpl/sercom/hpl_sercom.o
                0x00000930                _usart_sync_is_byte_received
 *fill*         0x0000093a        0x2 
 .text._i2c_m_sync_init
                0x0000093c       0x30 hpl/sercom/hpl_sercom.o
                0x0000093c                _i2c_m_sync_init
 .text._i2c_m_sync_enable
                0x0000096c       0x84 hpl/sercom/hpl_sercom.o
                0x0000096c                _i2c_m_sync_enable
 .text._i2c_m_sync_transfer
                0x000009f0      0x538 hpl/sercom/hpl_sercom.o
                0x000009f0                _i2c_m_sync_transfer
 .text._sysctrl_init_sources
                0x00000f28       0x44 hpl/sysctrl/hpl_sysctrl.o
                0x00000f28                _sysctrl_init_sources
 .text._sysctrl_init_referenced_generators
                0x00000f6c       0x10 hpl/sysctrl/hpl_sysctrl.o
                0x00000f6c                _sysctrl_init_referenced_generators
 .text._delay_init
                0x00000f7c       0x14 hpl/systick/hpl_systick.o
                0x00000f7c                _delay_init
 .text._delay_cycles
                0x00000f90       0x54 hpl/systick/hpl_systick.o
                0x00000f90                _delay_cycles
 .text.main     0x00000fe4      0x17c main.o
                0x00000fe4                main
 .text.I2C_driver_init
                0x00001160       0x30 SSD1306_I2C.o
                0x00001160                I2C_driver_init
 .text.I2C_Write_Byte
                0x00001190       0x30 SSD1306_I2C.o
                0x00001190                I2C_Write_Byte
 .text.command  0x000011c0       0x10 SSD1306_I2C.o
                0x000011c0                command
 .text.data     0x000011d0       0x10 SSD1306_I2C.o
                0x000011d0                data
 .text.er_oled_begin
                0x000011e0       0xa8 SSD1306_I2C.o
                0x000011e0                er_oled_begin
 .text.er_oled_clear
                0x00001288       0x12 SSD1306_I2C.o
                0x00001288                er_oled_clear
 *fill*         0x0000129a        0x2 
 .text.er_oled_display
                0x0000129c       0x58 SSD1306_I2C.o
                0x0000129c                er_oled_display
 .text.er_oled_pixel
                0x000012f4       0x5a SSD1306_I2C.o
                0x000012f4                er_oled_pixel
 *fill*         0x0000134e        0x2 
 .text.er_oled_char3216
                0x00001350       0xa0 SSD1306_I2C.o
                0x00001350                er_oled_char3216
 .text.er_oled_char
                0x000013f0       0xc8 SSD1306_I2C.o
                0x000013f0                er_oled_char
 .text.print_num
                0x000014b8       0xcc SSD1306_I2C.o
                0x000014b8                print_num
 .text._read    0x00001584       0x28 stdio_redirect/gcc/read.o
                0x00001584                _read
 .text._write   0x000015ac       0x28 stdio_redirect/gcc/write.o
                0x000015ac                _write
 .text.stdio_io_init
                0x000015d4       0x2c stdio_redirect/stdio_io.o
                0x000015d4                stdio_io_init
 .text.stdio_io_read
                0x00001600       0x24 stdio_redirect/stdio_io.o
                0x00001600                stdio_io_read
 .text.stdio_io_write
                0x00001624       0x24 stdio_redirect/stdio_io.o
                0x00001624                stdio_io_write
 .text.stdio_redirect_init
                0x00001648       0x20 stdio_start.o
                0x00001648                stdio_redirect_init
 .text          0x00001668      0x114 c:/program files (x86)/atmel/studio/7.0/toolchain/arm/arm-gnu-toolchain/bin/../lib/gcc/arm-none-eabi/6.3.1/thumb/v6-m\libgcc.a(_udivsi3.o)
                0x00001668                __aeabi_uidiv
                0x00001668                __udivsi3
                0x00001774                __aeabi_uidivmod
 .text          0x0000177c        0x4 c:/program files (x86)/atmel/studio/7.0/toolchain/arm/arm-gnu-toolchain/bin/../lib/gcc/arm-none-eabi/6.3.1/thumb/v6-m\libgcc.a(_dvmd_tls.o)
                0x0000177c                __aeabi_idiv0
                0x0000177c                __aeabi_ldiv0
 .text.__libc_init_array
                0x00001780       0x48 c:/program files (x86)/atmel/studio/7.0/toolchain/arm/arm-gnu-toolchain/bin/../lib/gcc/arm-none-eabi/6.3.1/../../../../arm-none-eabi/lib/thumb/v6-m\libc_nano.a(lib_a-init.o)
                0x00001780                __libc_init_array
 .text.memset   0x000017c8       0x10 c:/program files (x86)/atmel/studio/7.0/toolchain/arm/arm-gnu-toolchain/bin/../lib/gcc/arm-none-eabi/6.3.1/../../../../arm-none-eabi/lib/thumb/v6-m\libc_nano.a(lib_a-memset.o)
                0x000017c8                memset
 .text.setbuf   0x000017d8       0x12 c:/program files (x86)/atmel/studio/7.0/toolchain/arm/arm-gnu-toolchain/bin/../lib/gcc/arm-none-eabi/6.3.1/../../../../arm-none-eabi/lib/thumb/v6-m\libc_nano.a(lib_a-setbuf.o)
                0x000017d8                setbuf
 *fill*         0x000017ea        0x2 
 .text.setvbuf  0x000017ec      0x158 c:/program files (x86)/atmel/studio/7.0/toolchain/arm/arm-gnu-toolchain/bin/../lib/gcc/arm-none-eabi/6.3.1/../../../../arm-none-eabi/lib/thumb/v6-m\libc_nano.a(lib_a-setvbuf.o)
                0x000017ec                setvbuf
 .text.sprintf  0x00001944       0x44 c:/program files (x86)/atmel/studio/7.0/toolchain/arm/arm-gnu-toolchain/bin/../lib/gcc/arm-none-eabi/6.3.1/../../../../arm-none-eabi/lib/thumb/v6-m\libc_nano.a(lib_a-sprintf.o)
                0x00001944                siprintf
                0x00001944                sprintf
 .text.__sflush_r
                0x00001988      0x114 c:/program files (x86)/atmel/studio/7.0/toolchain/arm/arm-gnu-toolchain/bin/../lib/gcc/arm-none-eabi/6.3.1/../../../../arm-none-eabi/lib/thumb/v6-m\libc_nano.a(lib_a-fflush.o)
                0x00001988                __sflush_r
 .text._fflush_r
                0x00001a9c       0x58 c:/program files (x86)/atmel/studio/7.0/toolchain/arm/arm-gnu-toolchain/bin/../lib/gcc/arm-none-eabi/6.3.1/../../../../arm-none-eabi/lib/thumb/v6-m\libc_nano.a(lib_a-fflush.o)
                0x00001a9c                _fflush_r
 .text._cleanup_r
                0x00001af4       0x10 c:/program files (x86)/atmel/studio/7.0/toolchain/arm/arm-gnu-toolchain/bin/../lib/gcc/arm-none-eabi/6.3.1/../../../../arm-none-eabi/lib/thumb/v6-m\libc_nano.a(lib_a-findfp.o)
                0x00001af4                _cleanup_r
 .text.std.isra.0
                0x00001b04       0x48 c:/program files (x86)/atmel/studio/7.0/toolchain/arm/arm-gnu-toolchain/bin/../lib/gcc/arm-none-eabi/6.3.1/../../../../arm-none-eabi/lib/thumb/v6-m\libc_nano.a(lib_a-findfp.o)
 .text.__sfmoreglue
                0x00001b4c       0x2c c:/program files (x86)/atmel/studio/7.0/toolchain/arm/arm-gnu-toolchain/bin/../lib/gcc/arm-none-eabi/6.3.1/../../../../arm-none-eabi/lib/thumb/v6-m\libc_nano.a(lib_a-findfp.o)
                0x00001b4c                __sfmoreglue
 .text.__sinit  0x00001b78       0x68 c:/program files (x86)/atmel/studio/7.0/toolchain/arm/arm-gnu-toolchain/bin/../lib/gcc/arm-none-eabi/6.3.1/../../../../arm-none-eabi/lib/thumb/v6-m\libc_nano.a(lib_a-findfp.o)
                0x00001b78                __sinit
 .text.__sfp    0x00001be0       0x80 c:/program files (x86)/atmel/studio/7.0/toolchain/arm/arm-gnu-toolchain/bin/../lib/gcc/arm-none-eabi/6.3.1/../../../../arm-none-eabi/lib/thumb/v6-m\libc_nano.a(lib_a-findfp.o)
                0x00001be0                __sfp
 .text._fwalk_reent
                0x00001c60       0x42 c:/program files (x86)/atmel/studio/7.0/toolchain/arm/arm-gnu-toolchain/bin/../lib/gcc/arm-none-eabi/6.3.1/../../../../arm-none-eabi/lib/thumb/v6-m\libc_nano.a(lib_a-fwalk.o)
                0x00001c60                _fwalk_reent
 *fill*         0x00001ca2        0x2 
 .text.__swhatbuf_r
                0x00001ca4       0x50 c:/program files (x86)/atmel/studio/7.0/toolchain/arm/arm-gnu-toolchain/bin/../lib/gcc/arm-none-eabi/6.3.1/../../../../arm-none-eabi/lib/thumb/v6-m\libc_nano.a(lib_a-makebuf.o)
                0x00001ca4                __swhatbuf_r
 .text.malloc   0x00001cf4       0x14 c:/program files (x86)/atmel/studio/7.0/toolchain/arm/arm-gnu-toolchain/bin/../lib/gcc/arm-none-eabi/6.3.1/../../../../arm-none-eabi/lib/thumb/v6-m\libc_nano.a(lib_a-malloc.o)
                0x00001cf4                malloc
 .text._free_r  0x00001d08       0x94 c:/program files (x86)/atmel/studio/7.0/toolchain/arm/arm-gnu-toolchain/bin/../lib/gcc/arm-none-eabi/6.3.1/../../../../arm-none-eabi/lib/thumb/v6-m\libc_nano.a(lib_a-nano-freer.o)
                0x00001d08                _free_r
 .text._malloc_r
                0x00001d9c       0xbc c:/program files (x86)/atmel/studio/7.0/toolchain/arm/arm-gnu-toolchain/bin/../lib/gcc/arm-none-eabi/6.3.1/../../../../arm-none-eabi/lib/thumb/v6-m\libc_nano.a(lib_a-nano-mallocr.o)
                0x00001d9c                _malloc_r
 .text.__ssputs_r
                0x00001e58       0xc4 c:/program files (x86)/atmel/studio/7.0/toolchain/arm/arm-gnu-toolchain/bin/../lib/gcc/arm-none-eabi/6.3.1/../../../../arm-none-eabi/lib/thumb/v6-m\libc_nano.a(lib_a-nano-svfprintf.o)
                0x00001e58                __ssputs_r
 .text._svfprintf_r
                0x00001f1c      0x208 c:/program files (x86)/atmel/studio/7.0/toolchain/arm/arm-gnu-toolchain/bin/../lib/gcc/arm-none-eabi/6.3.1/../../../../arm-none-eabi/lib/thumb/v6-m\libc_nano.a(lib_a-nano-svfprintf.o)
                0x00001f1c                _svfiprintf_r
                0x00001f1c                _svfprintf_r
 .text._printf_common
                0x00002124       0xda c:/program files (x86)/atmel/studio/7.0/toolchain/arm/arm-gnu-toolchain/bin/../lib/gcc/arm-none-eabi/6.3.1/../../../../arm-none-eabi/lib/thumb/v6-m\libc_nano.a(lib_a-nano-vfprintf_i.o)
                0x00002124                _printf_common
 *fill*         0x000021fe        0x2 
 .text._printf_i
                0x00002200      0x234 c:/program files (x86)/atmel/studio/7.0/toolchain/arm/arm-gnu-toolchain/bin/../lib/gcc/arm-none-eabi/6.3.1/../../../../arm-none-eabi/lib/thumb/v6-m\libc_nano.a(lib_a-nano-vfprintf_i.o)
                0x00002200                _printf_i
 .text._sbrk_r  0x00002434       0x24 c:/program files (x86)/atmel/studio/7.0/toolchain/arm/arm-gnu-toolchain/bin/../lib/gcc/arm-none-eabi/6.3.1/../../../../arm-none-eabi/lib/thumb/v6-m\libc_nano.a(lib_a-sbrkr.o)
                0x00002434                _sbrk_r
 .text.__sread  0x00002458       0x28 c:/program files (x86)/atmel/studio/7.0/toolchain/arm/arm-gnu-toolchain/bin/../lib/gcc/arm-none-eabi/6.3.1/../../../../arm-none-eabi/lib/thumb/v6-m\libc_nano.a(lib_a-stdio.o)
                0x00002458                __sread
 .text.__swrite
                0x00002480       0x38 c:/program files (x86)/atmel/studio/7.0/toolchain/arm/arm-gnu-toolchain/bin/../lib/gcc/arm-none-eabi/6.3.1/../../../../arm-none-eabi/lib/thumb/v6-m\libc_nano.a(lib_a-stdio.o)
                0x00002480                __swrite
 .text.__sseek  0x000024b8       0x2c c:/program files (x86)/atmel/studio/7.0/toolchain/arm/arm-gnu-toolchain/bin/../lib/gcc/arm-none-eabi/6.3.1/../../../../arm-none-eabi/lib/thumb/v6-m\libc_nano.a(lib_a-stdio.o)
                0x000024b8                __sseek
 .text.__sclose
                0x000024e4        0xc c:/program files (x86)/atmel/studio/7.0/toolchain/arm/arm-gnu-toolchain/bin/../lib/gcc/arm-none-eabi/6.3.1/../../../../arm-none-eabi/lib/thumb/v6-m\libc_nano.a(lib_a-stdio.o)
                0x000024e4                __sclose
 .text._write_r
                0x000024f0       0x28 c:/program files (x86)/atmel/studio/7.0/toolchain/arm/arm-gnu-toolchain/bin/../lib/gcc/arm-none-eabi/6.3.1/../../../../arm-none-eabi/lib/thumb/v6-m\libc_nano.a(lib_a-writer.o)
                0x000024f0                _write_r
 .text._close_r
                0x00002518       0x24 c:/program files (x86)/atmel/studio/7.0/toolchain/arm/arm-gnu-toolchain/bin/../lib/gcc/arm-none-eabi/6.3.1/../../../../arm-none-eabi/lib/thumb/v6-m\libc_nano.a(lib_a-closer.o)
                0x00002518                _close_r
 .text._fstat_r
                0x0000253c       0x24 c:/program files (x86)/atmel/studio/7.0/toolchain/arm/arm-gnu-toolchain/bin/../lib/gcc/arm-none-eabi/6.3.1/../../../../arm-none-eabi/lib/thumb/v6-m\libc_nano.a(lib_a-fstatr.o)
                0x0000253c                _fstat_r
 .text._lseek_r
                0x00002560       0x28 c:/program files (x86)/atmel/studio/7.0/toolchain/arm/arm-gnu-toolchain/bin/../lib/gcc/arm-none-eabi/6.3.1/../../../../arm-none-eabi/lib/thumb/v6-m\libc_nano.a(lib_a-lseekr.o)
                0x00002560                _lseek_r
 .text.memchr   0x00002588       0x16 c:/program files (x86)/atmel/studio/7.0/toolchain/arm/arm-gnu-toolchain/bin/../lib/gcc/arm-none-eabi/6.3.1/../../../../arm-none-eabi/lib/thumb/v6-m\libc_nano.a(lib_a-memchr-stub.o)
                0x00002588                memchr
 .text.memcpy   0x0000259e       0x12 c:/program files (x86)/atmel/studio/7.0/toolchain/arm/arm-gnu-toolchain/bin/../lib/gcc/arm-none-eabi/6.3.1/../../../../arm-none-eabi/lib/thumb/v6-m\libc_nano.a(lib_a-memcpy-stub.o)
                0x0000259e                memcpy
 .text.memmove  0x000025b0       0x24 c:/program files (x86)/atmel/studio/7.0/toolchain/arm/arm-gnu-toolchain/bin/../lib/gcc/arm-none-eabi/6.3.1/../../../../arm-none-eabi/lib/thumb/v6-m\libc_nano.a(lib_a-memmove.o)
                0x000025b0                memmove
 .text.__malloc_lock
                0x000025d4        0x2 c:/program files (x86)/atmel/studio/7.0/toolchain/arm/arm-gnu-toolchain/bin/../lib/gcc/arm-none-eabi/6.3.1/../../../../arm-none-eabi/lib/thumb/v6-m\libc_nano.a(lib_a-mlock.o)
                0x000025d4                __malloc_lock
 .text.__malloc_unlock
                0x000025d6        0x2 c:/program files (x86)/atmel/studio/7.0/toolchain/arm/arm-gnu-toolchain/bin/../lib/gcc/arm-none-eabi/6.3.1/../../../../arm-none-eabi/lib/thumb/v6-m\libc_nano.a(lib_a-mlock.o)
                0x000025d6                __malloc_unlock
 .text._realloc_r
                0x000025d8       0x4c c:/program files (x86)/atmel/studio/7.0/toolchain/arm/arm-gnu-toolchain/bin/../lib/gcc/arm-none-eabi/6.3.1/../../../../arm-none-eabi/lib/thumb/v6-m\libc_nano.a(lib_a-nano-reallocr.o)
                0x000025d8                _realloc_r
 .text._read_r  0x00002624       0x28 c:/program files (x86)/atmel/studio/7.0/toolchain/arm/arm-gnu-toolchain/bin/../lib/gcc/arm-none-eabi/6.3.1/../../../../arm-none-eabi/lib/thumb/v6-m\libc_nano.a(lib_a-readr.o)
                0x00002624                _read_r
 .text._malloc_usable_size_r
                0x0000264c       0x10 c:/program files (x86)/atmel/studio/7.0/toolchain/arm/arm-gnu-toolchain/bin/../lib/gcc/arm-none-eabi/6.3.1/../../../../arm-none-eabi/lib/thumb/v6-m\libc_nano.a(lib_a-nano-msizer.o)
                0x0000264c                _malloc_usable_size_r
 *(.glue_7t)
 .glue_7t       0x0000265c        0x0 linker stubs
 *(.glue_7)
 .glue_7        0x0000265c        0x0 linker stubs
 *(.rodata .rodata* .gnu.linkonce.r.*)
 .rodata.str1.4
                0x0000265c       0x1c hal/src/hal_i2c_m_sync.o
 .rodata.str1.4
                0x00002678       0x14 hal/src/hal_io.o
 .rodata.str1.4
                0x0000268c       0x1c hal/src/hal_usart_sync.o
 .rodata        0x000026a8       0x18 hpl/sercom/hpl_sercom.o
 .rodata.str1.4
                0x000026c0       0x1b hpl/sercom/hpl_sercom.o
 *fill*         0x000026db        0x1 
 .rodata        0x000026dc      0x8b0 SSD1306_I2C.o
                0x000026dc                Font3216
                0x0000299c                Font1608
 .rodata.str1.4
                0x00002f8c        0x4 SSD1306_I2C.o
 .rodata._global_impure_ptr
                0x00002f90        0x4 c:/program files (x86)/atmel/studio/7.0/toolchain/arm/arm-gnu-toolchain/bin/../lib/gcc/arm-none-eabi/6.3.1/../../../../arm-none-eabi/lib/thumb/v6-m\libc_nano.a(lib_a-impure.o)
                0x00002f90                _global_impure_ptr
 .rodata.__sf_fake_stderr
                0x00002f94       0x20 c:/program files (x86)/atmel/studio/7.0/toolchain/arm/arm-gnu-toolchain/bin/../lib/gcc/arm-none-eabi/6.3.1/../../../../arm-none-eabi/lib/thumb/v6-m\libc_nano.a(lib_a-findfp.o)
                0x00002f94                __sf_fake_stderr
 .rodata.__sf_fake_stdin
                0x00002fb4       0x20 c:/program files (x86)/atmel/studio/7.0/toolchain/arm/arm-gnu-toolchain/bin/../lib/gcc/arm-none-eabi/6.3.1/../../../../arm-none-eabi/lib/thumb/v6-m\libc_nano.a(lib_a-findfp.o)
                0x00002fb4                __sf_fake_stdin
 .rodata.__sf_fake_stdout
                0x00002fd4       0x20 c:/program files (x86)/atmel/studio/7.0/toolchain/arm/arm-gnu-toolchain/bin/../lib/gcc/arm-none-eabi/6.3.1/../../../../arm-none-eabi/lib/thumb/v6-m\libc_nano.a(lib_a-findfp.o)
                0x00002fd4                __sf_fake_stdout
 .rodata._svfprintf_r.str1.1
                0x00002ff4       0x11 c:/program files (x86)/atmel/studio/7.0/toolchain/arm/arm-gnu-toolchain/bin/../lib/gcc/arm-none-eabi/6.3.1/../../../../arm-none-eabi/lib/thumb/v6-m\libc_nano.a(lib_a-nano-svfprintf.o)
 .rodata._printf_i.str1.1
                0x00003005       0x22 c:/program files (x86)/atmel/studio/7.0/toolchain/arm/arm-gnu-toolchain/bin/../lib/gcc/arm-none-eabi/6.3.1/../../../../arm-none-eabi/lib/thumb/v6-m\libc_nano.a(lib_a-nano-vfprintf_i.o)
 *(.ARM.extab* .gnu.linkonce.armextab.*)
                0x00003028                . = ALIGN (0x4)
 *fill*         0x00003027        0x1 
 *(.init)
 .init          0x00003028        0x4 c:/program files (x86)/atmel/studio/7.0/toolchain/arm/arm-gnu-toolchain/bin/../lib/gcc/arm-none-eabi/6.3.1/thumb/v6-m/crti.o
                0x00003028                _init
 .init          0x0000302c        0x8 c:/program files (x86)/atmel/studio/7.0/toolchain/arm/arm-gnu-toolchain/bin/../lib/gcc/arm-none-eabi/6.3.1/thumb/v6-m/crtn.o
                0x00003034                . = ALIGN (0x4)
                0x00003034                __preinit_array_start = .
 *(.preinit_array)
                0x00003034                __preinit_array_end = .
                0x00003034                . = ALIGN (0x4)
                0x00003034                __init_array_start = .
 *(SORT(.init_array.*))
 *(.init_array)
 .init_array    0x00003034        0x4 c:/program files (x86)/atmel/studio/7.0/toolchain/arm/arm-gnu-toolchain/bin/../lib/gcc/arm-none-eabi/6.3.1/thumb/v6-m/crtbegin.o
                0x00003038                __init_array_end = .
                0x00003038                . = ALIGN (0x4)
 *crtbegin.o(.ctors)
 *(EXCLUDE_FILE(*crtend.o) .ctors)
 *(SORT(.ctors.*))
 *crtend.o(.ctors)
                0x00003038                . = ALIGN (0x4)
 *(.fini)
 .fini          0x00003038        0x4 c:/program files (x86)/atmel/studio/7.0/toolchain/arm/arm-gnu-toolchain/bin/../lib/gcc/arm-none-eabi/6.3.1/thumb/v6-m/crti.o
                0x00003038                _fini
 .fini          0x0000303c        0x8 c:/program files (x86)/atmel/studio/7.0/toolchain/arm/arm-gnu-toolchain/bin/../lib/gcc/arm-none-eabi/6.3.1/thumb/v6-m/crtn.o
                0x00003044                . = ALIGN (0x4)
                0x00003044                __fini_array_start = .
 *(.fini_array)
 .fini_array    0x00003044        0x4 c:/program files (x86)/atmel/studio/7.0/toolchain/arm/arm-gnu-toolchain/bin/../lib/gcc/arm-none-eabi/6.3.1/thumb/v6-m/crtbegin.o
 *(SORT(.fini_array.*))
                0x00003048                __fini_array_end = .
 *crtbegin.o(.dtors)
 *(EXCLUDE_FILE(*crtend.o) .dtors)
 *(SORT(.dtors.*))
 *crtend.o(.dtors)
                0x00003048                . = ALIGN (0x4)
                0x00003048                _efixed = .
                [!provide]                PROVIDE (__exidx_start, .)

.vfp11_veneer   0x00003048        0x0
 .vfp11_veneer  0x00003048        0x0 linker stubs

.v4_bx          0x00003048        0x0
 .v4_bx         0x00003048        0x0 linker stubs

.iplt           0x00003048        0x0
 .iplt          0x00003048        0x0 c:/program files (x86)/atmel/studio/7.0/toolchain/arm/arm-gnu-toolchain/bin/../lib/gcc/arm-none-eabi/6.3.1/thumb/v6-m/crtbegin.o

.eh_frame       0x00003048        0x0
 .eh_frame      0x00003048        0x0 c:/program files (x86)/atmel/studio/7.0/toolchain/arm/arm-gnu-toolchain/bin/../lib/gcc/arm-none-eabi/6.3.1/thumb/v6-m/crtbegin.o

.rel.dyn        0x00003048        0x0
 .rel.iplt      0x00003048        0x0 c:/program files (x86)/atmel/studio/7.0/toolchain/arm/arm-gnu-toolchain/bin/../lib/gcc/arm-none-eabi/6.3.1/thumb/v6-m/crtbegin.o

.jcr            0x00003048        0x0
 .jcr           0x00003048        0x0 c:/program files (x86)/atmel/studio/7.0/toolchain/arm/arm-gnu-toolchain/bin/../lib/gcc/arm-none-eabi/6.3.1/thumb/v6-m/crtbegin.o

.igot.plt       0x00003048        0x0
 .igot.plt      0x00003048        0x0 c:/program files (x86)/atmel/studio/7.0/toolchain/arm/arm-gnu-toolchain/bin/../lib/gcc/arm-none-eabi/6.3.1/thumb/v6-m/crtbegin.o

.ARM.exidx
 *(.ARM.exidx* .gnu.linkonce.armexidx.*)
                [!provide]                PROVIDE (__exidx_end, .)
                0x00003048                . = ALIGN (0x4)
                0x00003048                _etext = .

.relocate       0x20000000       0x64 load address 0x00003048
                0x20000000                . = ALIGN (0x4)
                0x20000000                _srelocate = .
 *(.ramfunc .ramfunc.*)
 *(.data .data.*)
 .data._impure_ptr
                0x20000000        0x4 c:/program files (x86)/atmel/studio/7.0/toolchain/arm/arm-gnu-toolchain/bin/../lib/gcc/arm-none-eabi/6.3.1/../../../../arm-none-eabi/lib/thumb/v6-m\libc_nano.a(lib_a-impure.o)
                0x20000000                _impure_ptr
 .data.impure_data
                0x20000004       0x60 c:/program files (x86)/atmel/studio/7.0/toolchain/arm/arm-gnu-toolchain/bin/../lib/gcc/arm-none-eabi/6.3.1/../../../../arm-none-eabi/lib/thumb/v6-m\libc_nano.a(lib_a-impure.o)
                0x20000064                . = ALIGN (0x4)
                0x20000064                _erelocate = .

.bss            0x20000064      0x474 load address 0x000030ac
                0x20000064                . = ALIGN (0x4)
                0x20000064                _sbss = .
                0x20000064                _szero = .
 *(.bss .bss.*)
 .bss           0x20000064       0x1c c:/program files (x86)/atmel/studio/7.0/toolchain/arm/arm-gnu-toolchain/bin/../lib/gcc/arm-none-eabi/6.3.1/thumb/v6-m/crtbegin.o
 .bss           0x20000080        0x4 hal/src/hal_delay.o
 .bss           0x20000084        0x4 hal/utils/src/utils_syscalls.o
 .bss           0x20000088        0x4 stdio_redirect/stdio_io.o
 .bss.__malloc_free_list
                0x2000008c        0x4 c:/program files (x86)/atmel/studio/7.0/toolchain/arm/arm-gnu-toolchain/bin/../lib/gcc/arm-none-eabi/6.3.1/../../../../arm-none-eabi/lib/thumb/v6-m\libc_nano.a(lib_a-nano-mallocr.o)
                0x2000008c                __malloc_free_list
 .bss.__malloc_sbrk_start
                0x20000090        0x4 c:/program files (x86)/atmel/studio/7.0/toolchain/arm/arm-gnu-toolchain/bin/../lib/gcc/arm-none-eabi/6.3.1/../../../../arm-none-eabi/lib/thumb/v6-m\libc_nano.a(lib_a-nano-mallocr.o)
                0x20000090                __malloc_sbrk_start
 *(COMMON)
 COMMON         0x20000094       0x2c driver_init.o
                0x20000094                I2C0
                0x200000b4                TARGET_IO
 COMMON         0x200000c0      0x414 main.o
                0x200000c0                I2C_SSD1306_io
                0x200000c4                i2c_msg_SSD1306
                0x200000d0                I2C_data_array
                0x200000d4                oled_buf
 COMMON         0x200004d4        0x4 c:/program files (x86)/atmel/studio/7.0/toolchain/arm/arm-gnu-toolchain/bin/../lib/gcc/arm-none-eabi/6.3.1/../../../../arm-none-eabi/lib/thumb/v6-m\libc_nano.a(lib_a-reent.o)
                0x200004d4                errno
                0x200004d8                . = ALIGN (0x4)
                0x200004d8                _ebss = .
                0x200004d8                _ezero = .

.stack          0x200004d8     0x2000 load address 0x00003520
                0x200004d8                . = ALIGN (0x8)
                0x200004d8                _sstack = .
                0x200024d8                . = (. + STACK_SIZE)
 *fill*         0x200004d8     0x2000 
                0x200024d8                . = ALIGN (0x8)
                0x200024d8                _estack = .
                0x200024d8                . = ALIGN (0x4)
                0x200024d8                _end = .
OUTPUT(D21_SSD1306_12864_lib.elf elf32-littlearm)

.ARM.attributes
                0x00000000       0x28
 .ARM.attributes
                0x00000000       0x1e c:/program files (x86)/atmel/studio/7.0/toolchain/arm/arm-gnu-toolchain/bin/../lib/gcc/arm-none-eabi/6.3.1/thumb/v6-m/crti.o
 .ARM.attributes
                0x0000001e       0x2c c:/program files (x86)/atmel/studio/7.0/toolchain/arm/arm-gnu-toolchain/bin/../lib/gcc/arm-none-eabi/6.3.1/thumb/v6-m/crtbegin.o
 .ARM.attributes
                0x0000004a       0x32 atmel_start.o
 .ARM.attributes
                0x0000007c       0x32 Device_Startup/startup_samd21.o
 .ARM.attributes
                0x000000ae       0x32 driver_init.o
 .ARM.attributes
                0x000000e0       0x32 hal/src/hal_delay.o
 .ARM.attributes
                0x00000112       0x32 hal/src/hal_i2c_m_sync.o
 .ARM.attributes
                0x00000144       0x32 hal/src/hal_io.o
 .ARM.attributes
                0x00000176       0x32 hal/src/hal_usart_sync.o
 .ARM.attributes
                0x000001a8       0x32 hal/utils/src/utils_assert.o
 .ARM.attributes
                0x000001da       0x32 hal/utils/src/utils_syscalls.o
 .ARM.attributes
                0x0000020c       0x32 hpl/core/hpl_core_m0plus_base.o
 .ARM.attributes
                0x0000023e       0x32 hpl/core/hpl_init.o
 .ARM.attributes
                0x00000270       0x32 hpl/gclk/hpl_gclk.o
 .ARM.attributes
                0x000002a2       0x32 hpl/pm/hpl_pm.o
 .ARM.attributes
                0x000002d4       0x32 hpl/sercom/hpl_sercom.o
 .ARM.attributes
                0x00000306       0x32 hpl/sysctrl/hpl_sysctrl.o
 .ARM.attributes
                0x00000338       0x32 hpl/systick/hpl_systick.o
 .ARM.attributes
                0x0000036a       0x32 main.o
 .ARM.attributes
                0x0000039c       0x32 SSD1306_I2C.o
 .ARM.attributes
                0x000003ce       0x32 stdio_redirect/gcc/read.o
 .ARM.attributes
                0x00000400       0x32 stdio_redirect/gcc/write.o
 .ARM.attributes
                0x00000432       0x32 stdio_redirect/stdio_io.o
 .ARM.attributes
                0x00000464       0x32 stdio_start.o
 .ARM.attributes
                0x00000496       0x1e c:/program files (x86)/atmel/studio/7.0/toolchain/arm/arm-gnu-toolchain/bin/../lib/gcc/arm-none-eabi/6.3.1/thumb/v6-m\libgcc.a(_udivsi3.o)
 .ARM.attributes
                0x000004b4       0x1e c:/program files (x86)/atmel/studio/7.0/toolchain/arm/arm-gnu-toolchain/bin/../lib/gcc/arm-none-eabi/6.3.1/thumb/v6-m\libgcc.a(_dvmd_tls.o)
 .ARM.attributes
                0x000004d2       0x2c c:/program files (x86)/atmel/studio/7.0/toolchain/arm/arm-gnu-toolchain/bin/../lib/gcc/arm-none-eabi/6.3.1/../../../../arm-none-eabi/lib/thumb/v6-m\libc_nano.a(lib_a-impure.o)
 .ARM.attributes
                0x000004fe       0x2c c:/program files (x86)/atmel/studio/7.0/toolchain/arm/arm-gnu-toolchain/bin/../lib/gcc/arm-none-eabi/6.3.1/../../../../arm-none-eabi/lib/thumb/v6-m\libc_nano.a(lib_a-init.o)
 .ARM.attributes
                0x0000052a       0x2c c:/program files (x86)/atmel/studio/7.0/toolchain/arm/arm-gnu-toolchain/bin/../lib/gcc/arm-none-eabi/6.3.1/../../../../arm-none-eabi/lib/thumb/v6-m\libc_nano.a(lib_a-memset.o)
 .ARM.attributes
                0x00000556       0x2c c:/program files (x86)/atmel/studio/7.0/toolchain/arm/arm-gnu-toolchain/bin/../lib/gcc/arm-none-eabi/6.3.1/../../../../arm-none-eabi/lib/thumb/v6-m\libc_nano.a(lib_a-setbuf.o)
 .ARM.attributes
                0x00000582       0x2c c:/program files (x86)/atmel/studio/7.0/toolchain/arm/arm-gnu-toolchain/bin/../lib/gcc/arm-none-eabi/6.3.1/../../../../arm-none-eabi/lib/thumb/v6-m\libc_nano.a(lib_a-setvbuf.o)
 .ARM.attributes
                0x000005ae       0x2c c:/program files (x86)/atmel/studio/7.0/toolchain/arm/arm-gnu-toolchain/bin/../lib/gcc/arm-none-eabi/6.3.1/../../../../arm-none-eabi/lib/thumb/v6-m\libc_nano.a(lib_a-sprintf.o)
 .ARM.attributes
                0x000005da       0x2c c:/program files (x86)/atmel/studio/7.0/toolchain/arm/arm-gnu-toolchain/bin/../lib/gcc/arm-none-eabi/6.3.1/../../../../arm-none-eabi/lib/thumb/v6-m\libc_nano.a(lib_a-fflush.o)
 .ARM.attributes
                0x00000606       0x2c c:/program files (x86)/atmel/studio/7.0/toolchain/arm/arm-gnu-toolchain/bin/../lib/gcc/arm-none-eabi/6.3.1/../../../../arm-none-eabi/lib/thumb/v6-m\libc_nano.a(lib_a-findfp.o)
 .ARM.attributes
                0x00000632       0x2c c:/program files (x86)/atmel/studio/7.0/toolchain/arm/arm-gnu-toolchain/bin/../lib/gcc/arm-none-eabi/6.3.1/../../../../arm-none-eabi/lib/thumb/v6-m\libc_nano.a(lib_a-fwalk.o)
 .ARM.attributes
                0x0000065e       0x2c c:/program files (x86)/atmel/studio/7.0/toolchain/arm/arm-gnu-toolchain/bin/../lib/gcc/arm-none-eabi/6.3.1/../../../../arm-none-eabi/lib/thumb/v6-m\libc_nano.a(lib_a-makebuf.o)
 .ARM.attributes
                0x0000068a       0x2c c:/program files (x86)/atmel/studio/7.0/toolchain/arm/arm-gnu-toolchain/bin/../lib/gcc/arm-none-eabi/6.3.1/../../../../arm-none-eabi/lib/thumb/v6-m\libc_nano.a(lib_a-malloc.o)
 .ARM.attributes
                0x000006b6       0x2c c:/program files (x86)/atmel/studio/7.0/toolchain/arm/arm-gnu-toolchain/bin/../lib/gcc/arm-none-eabi/6.3.1/../../../../arm-none-eabi/lib/thumb/v6-m\libc_nano.a(lib_a-nano-freer.o)
 .ARM.attributes
                0x000006e2       0x2c c:/program files (x86)/atmel/studio/7.0/toolchain/arm/arm-gnu-toolchain/bin/../lib/gcc/arm-none-eabi/6.3.1/../../../../arm-none-eabi/lib/thumb/v6-m\libc_nano.a(lib_a-nano-mallocr.o)
 .ARM.attributes
                0x0000070e       0x2c c:/program files (x86)/atmel/studio/7.0/toolchain/arm/arm-gnu-toolchain/bin/../lib/gcc/arm-none-eabi/6.3.1/../../../../arm-none-eabi/lib/thumb/v6-m\libc_nano.a(lib_a-nano-svfprintf.o)
 .ARM.attributes
                0x0000073a       0x2c c:/program files (x86)/atmel/studio/7.0/toolchain/arm/arm-gnu-toolchain/bin/../lib/gcc/arm-none-eabi/6.3.1/../../../../arm-none-eabi/lib/thumb/v6-m\libc_nano.a(lib_a-nano-vfprintf_i.o)
 .ARM.attributes
                0x00000766       0x2c c:/program files (x86)/atmel/studio/7.0/toolchain/arm/arm-gnu-toolchain/bin/../lib/gcc/arm-none-eabi/6.3.1/../../../../arm-none-eabi/lib/thumb/v6-m\libc_nano.a(lib_a-sbrkr.o)
 .ARM.attributes
                0x00000792       0x2c c:/program files (x86)/atmel/studio/7.0/toolchain/arm/arm-gnu-toolchain/bin/../lib/gcc/arm-none-eabi/6.3.1/../../../../arm-none-eabi/lib/thumb/v6-m\libc_nano.a(lib_a-stdio.o)
 .ARM.attributes
                0x000007be       0x2c c:/program files (x86)/atmel/studio/7.0/toolchain/arm/arm-gnu-toolchain/bin/../lib/gcc/arm-none-eabi/6.3.1/../../../../arm-none-eabi/lib/thumb/v6-m\libc_nano.a(lib_a-writer.o)
 .ARM.attributes
                0x000007ea       0x2c c:/program files (x86)/atmel/studio/7.0/toolchain/arm/arm-gnu-toolchain/bin/../lib/gcc/arm-none-eabi/6.3.1/../../../../arm-none-eabi/lib/thumb/v6-m\libc_nano.a(lib_a-closer.o)
 .ARM.attributes
                0x00000816       0x2c c:/program files (x86)/atmel/studio/7.0/toolchain/arm/arm-gnu-toolchain/bin/../lib/gcc/arm-none-eabi/6.3.1/../../../../arm-none-eabi/lib/thumb/v6-m\libc_nano.a(lib_a-fstatr.o)
 .ARM.attributes
                0x00000842       0x2c c:/program files (x86)/atmel/studio/7.0/toolchain/arm/arm-gnu-toolchain/bin/../lib/gcc/arm-none-eabi/6.3.1/../../../../arm-none-eabi/lib/thumb/v6-m\libc_nano.a(lib_a-lseekr.o)
 .ARM.attributes
                0x0000086e       0x2c c:/program files (x86)/atmel/studio/7.0/toolchain/arm/arm-gnu-toolchain/bin/../lib/gcc/arm-none-eabi/6.3.1/../../../../arm-none-eabi/lib/thumb/v6-m\libc_nano.a(lib_a-memchr-stub.o)
 .ARM.attributes
                0x0000089a       0x2c c:/program files (x86)/atmel/studio/7.0/toolchain/arm/arm-gnu-toolchain/bin/../lib/gcc/arm-none-eabi/6.3.1/../../../../arm-none-eabi/lib/thumb/v6-m\libc_nano.a(lib_a-memcpy-stub.o)
 .ARM.attributes
                0x000008c6       0x2c c:/program files (x86)/atmel/studio/7.0/toolchain/arm/arm-gnu-toolchain/bin/../lib/gcc/arm-none-eabi/6.3.1/../../../../arm-none-eabi/lib/thumb/v6-m\libc_nano.a(lib_a-memmove.o)
 .ARM.attributes
                0x000008f2       0x2c c:/program files (x86)/atmel/studio/7.0/toolchain/arm/arm-gnu-toolchain/bin/../lib/gcc/arm-none-eabi/6.3.1/../../../../arm-none-eabi/lib/thumb/v6-m\libc_nano.a(lib_a-mlock.o)
 .ARM.attributes
                0x0000091e       0x2c c:/program files (x86)/atmel/studio/7.0/toolchain/arm/arm-gnu-toolchain/bin/../lib/gcc/arm-none-eabi/6.3.1/../../../../arm-none-eabi/lib/thumb/v6-m\libc_nano.a(lib_a-nano-reallocr.o)
 .ARM.attributes
                0x0000094a       0x2c c:/program files (x86)/atmel/studio/7.0/toolchain/arm/arm-gnu-toolchain/bin/../lib/gcc/arm-none-eabi/6.3.1/../../../../arm-none-eabi/lib/thumb/v6-m\libc_nano.a(lib_a-readr.o)
 .ARM.attributes
                0x00000976       0x2c c:/program files (x86)/atmel/studio/7.0/toolchain/arm/arm-gnu-toolchain/bin/../lib/gcc/arm-none-eabi/6.3.1/../../../../arm-none-eabi/lib/thumb/v6-m\libc_nano.a(lib_a-reent.o)
 .ARM.attributes
                0x000009a2       0x2c c:/program files (x86)/atmel/studio/7.0/toolchain/arm/arm-gnu-toolchain/bin/../lib/gcc/arm-none-eabi/6.3.1/../../../../arm-none-eabi/lib/thumb/v6-m\libc_nano.a(lib_a-nano-msizer.o)
 .ARM.attributes
                0x000009ce       0x1e c:/program files (x86)/atmel/studio/7.0/toolchain/arm/arm-gnu-toolchain/bin/../lib/gcc/arm-none-eabi/6.3.1/thumb/v6-m/crtn.o

.comment        0x00000000       0x59
 .comment       0x00000000       0x59 atmel_start.o
                                 0x5a (size before relaxing)
 .comment       0x00000059       0x5a Device_Startup/startup_samd21.o
 .comment       0x00000059       0x5a driver_init.o
 .comment       0x00000059       0x5a hal/src/hal_delay.o
 .comment       0x00000059       0x5a hal/src/hal_i2c_m_sync.o
 .comment       0x00000059       0x5a hal/src/hal_io.o
 .comment       0x00000059       0x5a hal/src/hal_usart_sync.o
 .comment       0x00000059       0x5a hal/utils/src/utils_assert.o
 .comment       0x00000059       0x5a hal/utils/src/utils_syscalls.o
 .comment       0x00000059       0x5a hpl/core/hpl_core_m0plus_base.o
 .comment       0x00000059       0x5a hpl/core/hpl_init.o
 .comment       0x00000059       0x5a hpl/gclk/hpl_gclk.o
 .comment       0x00000059       0x5a hpl/pm/hpl_pm.o
 .comment       0x00000059       0x5a hpl/sercom/hpl_sercom.o
 .comment       0x00000059       0x5a hpl/sysctrl/hpl_sysctrl.o
 .comment       0x00000059       0x5a hpl/systick/hpl_systick.o
 .comment       0x00000059       0x5a main.o
 .comment       0x00000059       0x5a SSD1306_I2C.o
 .comment       0x00000059       0x5a stdio_redirect/gcc/read.o
 .comment       0x00000059       0x5a stdio_redirect/gcc/write.o
 .comment       0x00000059       0x5a stdio_redirect/stdio_io.o
 .comment       0x00000059       0x5a stdio_start.o

.debug_info     0x00000000    0x23081
 .debug_info    0x00000000      0xc0e atmel_start.o
 .debug_info    0x00000c0e     0x3a28 Device_Startup/startup_samd21.o
 .debug_info    0x00004636     0x7e7b driver_init.o
 .debug_info    0x0000c4b1      0x1dc hal/src/hal_delay.o
 .debug_info    0x0000c68d      0x878 hal/src/hal_i2c_m_sync.o
 .debug_info    0x0000cf05      0x2b2 hal/src/hal_io.o
 .debug_info    0x0000d1b7      0xc56 hal/src/hal_usart_sync.o
 .debug_info    0x0000de0d      0x107 hal/utils/src/utils_assert.o
 .debug_info    0x0000df14      0xdca hal/utils/src/utils_syscalls.o
 .debug_info    0x0000ecde      0x7f5 hpl/core/hpl_core_m0plus_base.o
 .debug_info    0x0000f4d3      0x677 hpl/core/hpl_init.o
 .debug_info    0x0000fb4a      0x4e1 hpl/gclk/hpl_gclk.o
 .debug_info    0x0001002b      0xc6d hpl/pm/hpl_pm.o
 .debug_info    0x00010c98     0xb3ce hpl/sercom/hpl_sercom.o
 .debug_info    0x0001c066     0x1452 hpl/sysctrl/hpl_sysctrl.o
 .debug_info    0x0001d4b8      0x276 hpl/systick/hpl_systick.o
 .debug_info    0x0001d72e     0x179b main.o
 .debug_info    0x0001eec9     0x150f SSD1306_I2C.o
 .debug_info    0x000203d8      0xa34 stdio_redirect/gcc/read.o
 .debug_info    0x00020e0c      0xa34 stdio_redirect/gcc/write.o
 .debug_info    0x00021840      0xbe2 stdio_redirect/stdio_io.o
 .debug_info    0x00022422      0xc5f stdio_start.o

.debug_abbrev   0x00000000     0x2ee1
 .debug_abbrev  0x00000000      0x1b4 atmel_start.o
 .debug_abbrev  0x000001b4      0x234 Device_Startup/startup_samd21.o
 .debug_abbrev  0x000003e8      0x372 driver_init.o
 .debug_abbrev  0x0000075a       0xe1 hal/src/hal_delay.o
 .debug_abbrev  0x0000083b      0x1a6 hal/src/hal_i2c_m_sync.o
 .debug_abbrev  0x000009e1      0x115 hal/src/hal_io.o
 .debug_abbrev  0x00000af6      0x217 hal/src/hal_usart_sync.o
 .debug_abbrev  0x00000d0d       0x86 hal/utils/src/utils_assert.o
 .debug_abbrev  0x00000d93      0x269 hal/utils/src/utils_syscalls.o
 .debug_abbrev  0x00000ffc      0x2af hpl/core/hpl_core_m0plus_base.o
 .debug_abbrev  0x000012ab      0x1cc hpl/core/hpl_init.o
 .debug_abbrev  0x00001477      0x1c3 hpl/gclk/hpl_gclk.o
 .debug_abbrev  0x0000163a      0x211 hpl/pm/hpl_pm.o
 .debug_abbrev  0x0000184b      0x58f hpl/sercom/hpl_sercom.o
 .debug_abbrev  0x00001dda      0x20c hpl/sysctrl/hpl_sysctrl.o
 .debug_abbrev  0x00001fe6      0x185 hpl/systick/hpl_systick.o
 .debug_abbrev  0x0000216b      0x32a main.o
 .debug_abbrev  0x00002495      0x271 SSD1306_I2C.o
 .debug_abbrev  0x00002706      0x1e8 stdio_redirect/gcc/read.o
 .debug_abbrev  0x000028ee      0x1e8 stdio_redirect/gcc/write.o
 .debug_abbrev  0x00002ad6      0x229 stdio_redirect/stdio_io.o
 .debug_abbrev  0x00002cff      0x1e2 stdio_start.o

.debug_loc      0x00000000     0xaf89
 .debug_loc     0x00000000       0x20 atmel_start.o
 .debug_loc     0x00000020       0x40 Device_Startup/startup_samd21.o
 .debug_loc     0x00000060      0x6cf driver_init.o
 .debug_loc     0x0000072f       0xc3 hal/src/hal_delay.o
 .debug_loc     0x000007f2      0x6df hal/src/hal_i2c_m_sync.o
 .debug_loc     0x00000ed1      0x18a hal/src/hal_io.o
 .debug_loc     0x0000105b      0x9b2 hal/src/hal_usart_sync.o
 .debug_loc     0x00001a0d      0x13b hal/utils/src/utils_syscalls.o
 .debug_loc     0x00001b48      0x1d7 hpl/core/hpl_core_m0plus_base.o
 .debug_loc     0x00001d1f       0x4c hpl/core/hpl_init.o
 .debug_loc     0x00001d6b       0xa3 hpl/gclk/hpl_gclk.o
 .debug_loc     0x00001e0e      0x11b hpl/pm/hpl_pm.o
 .debug_loc     0x00001f29     0x8063 hpl/sercom/hpl_sercom.o
 .debug_loc     0x00009f8c      0x160 hpl/sysctrl/hpl_sysctrl.o
 .debug_loc     0x0000a0ec      0x10e hpl/systick/hpl_systick.o
 .debug_loc     0x0000a1fa       0xda main.o
 .debug_loc     0x0000a2d4      0x95e SSD1306_I2C.o
 .debug_loc     0x0000ac32       0xe8 stdio_redirect/gcc/read.o
 .debug_loc     0x0000ad1a       0xdc stdio_redirect/gcc/write.o
 .debug_loc     0x0000adf6      0x153 stdio_redirect/stdio_io.o
 .debug_loc     0x0000af49       0x40 stdio_start.o

.debug_aranges  0x00000000      0xa08
 .debug_aranges
                0x00000000       0x20 atmel_start.o
 .debug_aranges
                0x00000020       0x28 Device_Startup/startup_samd21.o
 .debug_aranges
                0x00000048       0x58 driver_init.o
 .debug_aranges
                0x000000a0       0x38 hal/src/hal_delay.o
 .debug_aranges
                0x000000d8       0x88 hal/src/hal_i2c_m_sync.o
 .debug_aranges
                0x00000160       0x30 hal/src/hal_io.o
 .debug_aranges
                0x00000190       0xa8 hal/src/hal_usart_sync.o
 .debug_aranges
                0x00000238       0x20 hal/utils/src/utils_assert.o
 .debug_aranges
                0x00000258       0x60 hal/utils/src/utils_syscalls.o
 .debug_aranges
                0x000002b8       0x70 hpl/core/hpl_core_m0plus_base.o
 .debug_aranges
                0x00000328       0x20 hpl/core/hpl_init.o
 .debug_aranges
                0x00000348       0x28 hpl/gclk/hpl_gclk.o
 .debug_aranges
                0x00000370       0x30 hpl/pm/hpl_pm.o
 .debug_aranges
                0x000003a0      0x4c8 hpl/sercom/hpl_sercom.o
 .debug_aranges
                0x00000868       0x28 hpl/sysctrl/hpl_sysctrl.o
 .debug_aranges
                0x00000890       0x48 hpl/systick/hpl_systick.o
 .debug_aranges
                0x000008d8       0x20 main.o
 .debug_aranges
                0x000008f8       0x70 SSD1306_I2C.o
 .debug_aranges
                0x00000968       0x20 stdio_redirect/gcc/read.o
 .debug_aranges
                0x00000988       0x20 stdio_redirect/gcc/write.o
 .debug_aranges
                0x000009a8       0x38 stdio_redirect/stdio_io.o
 .debug_aranges
                0x000009e0       0x28 stdio_start.o

.debug_ranges   0x00000000      0xe18
 .debug_ranges  0x00000000       0x10 atmel_start.o
 .debug_ranges  0x00000010       0x18 Device_Startup/startup_samd21.o
 .debug_ranges  0x00000028       0x48 driver_init.o
 .debug_ranges  0x00000070       0x28 hal/src/hal_delay.o
 .debug_ranges  0x00000098       0x78 hal/src/hal_i2c_m_sync.o
 .debug_ranges  0x00000110       0x20 hal/src/hal_io.o
 .debug_ranges  0x00000130       0x98 hal/src/hal_usart_sync.o
 .debug_ranges  0x000001c8       0x10 hal/utils/src/utils_assert.o
 .debug_ranges  0x000001d8       0x50 hal/utils/src/utils_syscalls.o
 .debug_ranges  0x00000228       0x60 hpl/core/hpl_core_m0plus_base.o
 .debug_ranges  0x00000288       0x10 hpl/core/hpl_init.o
 .debug_ranges  0x00000298       0x18 hpl/gclk/hpl_gclk.o
 .debug_ranges  0x000002b0       0x20 hpl/pm/hpl_pm.o
 .debug_ranges  0x000002d0      0x9f8 hpl/sercom/hpl_sercom.o
 .debug_ranges  0x00000cc8       0x30 hpl/sysctrl/hpl_sysctrl.o
 .debug_ranges  0x00000cf8       0x38 hpl/systick/hpl_systick.o
 .debug_ranges  0x00000d30       0x28 main.o
 .debug_ranges  0x00000d58       0x60 SSD1306_I2C.o
 .debug_ranges  0x00000db8       0x10 stdio_redirect/gcc/read.o
 .debug_ranges  0x00000dc8       0x10 stdio_redirect/gcc/write.o
 .debug_ranges  0x00000dd8       0x28 stdio_redirect/stdio_io.o
 .debug_ranges  0x00000e00       0x18 stdio_start.o

.debug_macro    0x00000000    0x1b1a8
 .debug_macro   0x00000000      0x68b atmel_start.o
 .debug_macro   0x0000068b      0x89e atmel_start.o
 .debug_macro   0x00000f29      0x16d atmel_start.o
 .debug_macro   0x00001096       0x22 atmel_start.o
 .debug_macro   0x000010b8       0x87 atmel_start.o
 .debug_macro   0x0000113f       0x51 atmel_start.o
 .debug_macro   0x00001190       0xef atmel_start.o
 .debug_macro   0x0000127f       0x6a atmel_start.o
 .debug_macro   0x000012e9      0x1df atmel_start.o
 .debug_macro   0x000014c8       0x22 atmel_start.o
 .debug_macro   0x000014ea       0x3f atmel_start.o
 .debug_macro   0x00001529       0x1c atmel_start.o
 .debug_macro   0x00001545       0x22 atmel_start.o
 .debug_macro   0x00001567       0xb5 atmel_start.o
 .debug_macro   0x0000161c      0x3ad atmel_start.o
 .debug_macro   0x000019c9      0x67e atmel_start.o
 .debug_macro   0x00002047      0x8b1 atmel_start.o
 .debug_macro   0x000028f8      0x22e atmel_start.o
 .debug_macro   0x00002b26      0xd5c atmel_start.o
 .debug_macro   0x00003882      0x4dc atmel_start.o
 .debug_macro   0x00003d5e      0x9f6 atmel_start.o
 .debug_macro   0x00004754      0x82b atmel_start.o
 .debug_macro   0x00004f7f      0x45f atmel_start.o
 .debug_macro   0x000053de       0x5e atmel_start.o
 .debug_macro   0x0000543c      0x8f9 atmel_start.o
 .debug_macro   0x00005d35      0x21c atmel_start.o
 .debug_macro   0x00005f51      0x735 atmel_start.o
 .debug_macro   0x00006686       0x5e atmel_start.o
 .debug_macro   0x000066e4      0x632 atmel_start.o
 .debug_macro   0x00006d16      0x3ac atmel_start.o
 .debug_macro   0x000070c2      0xc76 atmel_start.o
 .debug_macro   0x00007d38     0x1092 atmel_start.o
 .debug_macro   0x00008dca      0xc4a atmel_start.o
 .debug_macro   0x00009a14      0x6ba atmel_start.o
 .debug_macro   0x0000a0ce     0x1b3d atmel_start.o
 .debug_macro   0x0000bc0b     0x143c atmel_start.o
 .debug_macro   0x0000d047      0x340 atmel_start.o
 .debug_macro   0x0000d387       0x7c atmel_start.o
 .debug_macro   0x0000d403       0xa0 atmel_start.o
 .debug_macro   0x0000d4a3       0x4c atmel_start.o
 .debug_macro   0x0000d4ef       0xca atmel_start.o
 .debug_macro   0x0000d5b9       0x94 atmel_start.o
 .debug_macro   0x0000d64d       0x58 atmel_start.o
 .debug_macro   0x0000d6a5      0x341 atmel_start.o
 .debug_macro   0x0000d9e6       0x82 atmel_start.o
 .debug_macro   0x0000da68      0x189 atmel_start.o
 .debug_macro   0x0000dbf1       0xb8 atmel_start.o
 .debug_macro   0x0000dca9       0xa0 atmel_start.o
 .debug_macro   0x0000dd49       0xb2 atmel_start.o
 .debug_macro   0x0000ddfb       0x1c atmel_start.o
 .debug_macro   0x0000de17       0x1c atmel_start.o
 .debug_macro   0x0000de33       0x1c atmel_start.o
 .debug_macro   0x0000de4f       0x7c atmel_start.o
 .debug_macro   0x0000decb      0x15a atmel_start.o
 .debug_macro   0x0000e025       0x10 atmel_start.o
 .debug_macro   0x0000e035       0xdc atmel_start.o
 .debug_macro   0x0000e111      0x124 atmel_start.o
 .debug_macro   0x0000e235      0x124 atmel_start.o
 .debug_macro   0x0000e359      0x124 atmel_start.o
 .debug_macro   0x0000e47d      0x124 atmel_start.o
 .debug_macro   0x0000e5a1      0x124 atmel_start.o
 .debug_macro   0x0000e6c5      0x124 atmel_start.o
 .debug_macro   0x0000e7e9      0x124 atmel_start.o
 .debug_macro   0x0000e90d       0xe2 atmel_start.o
 .debug_macro   0x0000e9ef       0xe2 atmel_start.o
 .debug_macro   0x0000ead1       0xe2 atmel_start.o
 .debug_macro   0x0000ebb3       0xe2 atmel_start.o
 .debug_macro   0x0000ec95       0xe2 atmel_start.o
 .debug_macro   0x0000ed77      0x12a atmel_start.o
 .debug_macro   0x0000eea1      0x100 atmel_start.o
 .debug_macro   0x0000efa1       0xf4 atmel_start.o
 .debug_macro   0x0000f095      0x40f atmel_start.o
 .debug_macro   0x0000f4a4       0x40 atmel_start.o
 .debug_macro   0x0000f4e4      0x392 atmel_start.o
 .debug_macro   0x0000f876     0x1fb0 atmel_start.o
 .debug_macro   0x00011826       0x6d atmel_start.o
 .debug_macro   0x00011893       0x10 atmel_start.o
 .debug_macro   0x000118a3       0x10 atmel_start.o
 .debug_macro   0x000118b3       0x16 atmel_start.o
 .debug_macro   0x000118c9       0x16 atmel_start.o
 .debug_macro   0x000118df       0x16 atmel_start.o
 .debug_macro   0x000118f5       0x16 atmel_start.o
 .debug_macro   0x0001190b       0x16 atmel_start.o
 .debug_macro   0x00011921       0x16 atmel_start.o
 .debug_macro   0x00011937       0x16 atmel_start.o
 .debug_macro   0x0001194d       0x16 atmel_start.o
 .debug_macro   0x00011963       0x16 atmel_start.o
 .debug_macro   0x00011979       0x16 atmel_start.o
 .debug_macro   0x0001198f       0x16 atmel_start.o
 .debug_macro   0x000119a5       0x16 atmel_start.o
 .debug_macro   0x000119bb       0x16 atmel_start.o
 .debug_macro   0x000119d1       0x16 atmel_start.o
 .debug_macro   0x000119e7      0x4c3 atmel_start.o
 .debug_macro   0x00011eaa       0x94 atmel_start.o
 .debug_macro   0x00011f3e       0x16 atmel_start.o
 .debug_macro   0x00011f54       0x6a atmel_start.o
 .debug_macro   0x00011fbe      0x28c atmel_start.o
 .debug_macro   0x0001224a      0x4d8 atmel_start.o
 .debug_macro   0x00012722       0x16 atmel_start.o
 .debug_macro   0x00012738       0xca atmel_start.o
 .debug_macro   0x00012802       0x1c atmel_start.o
 .debug_macro   0x0001281e       0x16 atmel_start.o
 .debug_macro   0x00012834       0x52 atmel_start.o
 .debug_macro   0x00012886       0x70 atmel_start.o
 .debug_macro   0x000128f6       0x58 atmel_start.o
 .debug_macro   0x0001294e       0x35 atmel_start.o
 .debug_macro   0x00012983       0x9c atmel_start.o
 .debug_macro   0x00012a1f       0x16 atmel_start.o
 .debug_macro   0x00012a35       0x35 atmel_start.o
 .debug_macro   0x00012a6a      0x34d atmel_start.o
 .debug_macro   0x00012db7       0x10 atmel_start.o
 .debug_macro   0x00012dc7       0x58 atmel_start.o
 .debug_macro   0x00012e1f       0x1f atmel_start.o
 .debug_macro   0x00012e3e       0x43 atmel_start.o
 .debug_macro   0x00012e81       0x20 atmel_start.o
 .debug_macro   0x00012ea1      0x187 atmel_start.o
 .debug_macro   0x00013028       0x10 atmel_start.o
 .debug_macro   0x00013038       0x1c atmel_start.o
 .debug_macro   0x00013054       0x52 atmel_start.o
 .debug_macro   0x000130a6       0x40 atmel_start.o
 .debug_macro   0x000130e6       0x10 atmel_start.o
 .debug_macro   0x000130f6       0x40 atmel_start.o
 .debug_macro   0x00013136       0xd7 atmel_start.o
 .debug_macro   0x0001320d       0x16 atmel_start.o
 .debug_macro   0x00013223      0x18b atmel_start.o
 .debug_macro   0x000133ae      0x310 Device_Startup/startup_samd21.o
 .debug_macro   0x000136be       0x39 Device_Startup/startup_samd21.o
 .debug_macro   0x000136f7      0x534 driver_init.o
 .debug_macro   0x00013c2b       0x42 driver_init.o
 .debug_macro   0x00013c6d       0xc9 driver_init.o
 .debug_macro   0x00013d36      0x470 hal/src/hal_delay.o
 .debug_macro   0x000141a6      0x479 hal/src/hal_i2c_m_sync.o
 .debug_macro   0x0001461f       0x6a hal/src/hal_i2c_m_sync.o
 .debug_macro   0x00014689      0x451 hal/src/hal_io.o
 .debug_macro   0x00014ada      0x478 hal/src/hal_usart_sync.o
 .debug_macro   0x00014f52      0x447 hal/utils/src/utils_assert.o
 .debug_macro   0x00015399       0x10 hal/utils/src/utils_assert.o
 .debug_macro   0x000153a9      0x1d6 hal/utils/src/utils_syscalls.o
 .debug_macro   0x0001557f       0x52 hal/utils/src/utils_syscalls.o
 .debug_macro   0x000155d1       0x8d hal/utils/src/utils_syscalls.o
 .debug_macro   0x0001565e       0x57 hal/utils/src/utils_syscalls.o
 .debug_macro   0x000156b5       0x97 hal/utils/src/utils_syscalls.o
 .debug_macro   0x0001574c      0x353 hal/utils/src/utils_syscalls.o
 .debug_macro   0x00015a9f       0xf6 hal/utils/src/utils_syscalls.o
 .debug_macro   0x00015b95       0x4c hal/utils/src/utils_syscalls.o
 .debug_macro   0x00015be1       0x16 hal/utils/src/utils_syscalls.o
 .debug_macro   0x00015bf7       0x10 hal/utils/src/utils_syscalls.o
 .debug_macro   0x00015c07       0x10 hal/utils/src/utils_syscalls.o
 .debug_macro   0x00015c17       0x35 hal/utils/src/utils_syscalls.o
 .debug_macro   0x00015c4c      0x122 hal/utils/src/utils_syscalls.o
 .debug_macro   0x00015d6e      0x495 hpl/core/hpl_core_m0plus_base.o
 .debug_macro   0x00016203      0x4b8 hpl/core/hpl_init.o
 .debug_macro   0x000166bb       0x2e hpl/core/hpl_init.o
 .debug_macro   0x000166e9      0x6ec hpl/core/hpl_init.o
 .debug_macro   0x00016dd5      0x45a hpl/gclk/hpl_gclk.o
 .debug_macro   0x0001722f      0x1f3 hpl/gclk/hpl_gclk.o
 .debug_macro   0x00017422      0x47d hpl/pm/hpl_pm.o
 .debug_macro   0x0001789f      0x67f hpl/sercom/hpl_sercom.o
 .debug_macro   0x00017f1e      0x11d hpl/sercom/hpl_sercom.o
 .debug_macro   0x0001803b       0x10 hpl/sercom/hpl_sercom.o
 .debug_macro   0x0001804b       0x1c hpl/sercom/hpl_sercom.o
 .debug_macro   0x00018067       0x22 hpl/sercom/hpl_sercom.o
 .debug_macro   0x00018089       0x10 hpl/sercom/hpl_sercom.o
 .debug_macro   0x00018099      0x454 hpl/sysctrl/hpl_sysctrl.o
 .debug_macro   0x000184ed      0x2da hpl/sysctrl/hpl_sysctrl.o
 .debug_macro   0x000187c7      0x44b hpl/systick/hpl_systick.o
 .debug_macro   0x00018c12       0x10 hpl/systick/hpl_systick.o
 .debug_macro   0x00018c22      0x699 main.o
 .debug_macro   0x000192bb       0x4c main.o
 .debug_macro   0x00019307      0x6a1 SSD1306_I2C.o
 .debug_macro   0x000199a8      0x599 stdio_redirect/gcc/read.o
 .debug_macro   0x00019f41      0x599 stdio_redirect/gcc/write.o
 .debug_macro   0x0001a4da      0x593 stdio_redirect/stdio_io.o
 .debug_macro   0x0001aa6d       0xaf stdio_redirect/stdio_io.o
 .debug_macro   0x0001ab1c      0x68c stdio_start.o

.debug_line     0x00000000     0xff07
 .debug_line    0x00000000      0xbd0 atmel_start.o
 .debug_line    0x00000bd0      0x709 Device_Startup/startup_samd21.o
 .debug_line    0x000012d9      0xbe9 driver_init.o
 .debug_line    0x00001ec2      0x9b1 hal/src/hal_delay.o
 .debug_line    0x00002873      0xaa1 hal/src/hal_i2c_m_sync.o
 .debug_line    0x00003314      0x99a hal/src/hal_io.o
 .debug_line    0x00003cae      0xb72 hal/src/hal_usart_sync.o
 .debug_line    0x00004820      0x950 hal/utils/src/utils_assert.o
 .debug_line    0x00005170      0x40b hal/utils/src/utils_syscalls.o
 .debug_line    0x0000557b      0xafb hpl/core/hpl_core_m0plus_base.o
 .debug_line    0x00006076      0xa30 hpl/core/hpl_init.o
 .debug_line    0x00006aa6      0x9aa hpl/gclk/hpl_gclk.o
 .debug_line    0x00007450      0x9f6 hpl/pm/hpl_pm.o
 .debug_line    0x00007e46     0x2825 hpl/sercom/hpl_sercom.o
 .debug_line    0x0000a66b      0x9e3 hpl/sysctrl/hpl_sysctrl.o
 .debug_line    0x0000b04e      0x9e4 hpl/systick/hpl_systick.o
 .debug_line    0x0000ba32      0xc14 main.o
 .debug_line    0x0000c646      0xd4c SSD1306_I2C.o
 .debug_line    0x0000d392      0xa79 stdio_redirect/gcc/read.o
 .debug_line    0x0000de0b      0xa7a stdio_redirect/gcc/write.o
 .debug_line    0x0000e885      0xa9d stdio_redirect/stdio_io.o
 .debug_line    0x0000f322      0xbe5 stdio_start.o

.debug_str      0x00000000    0x88bdf
 .debug_str     0x00000000    0x7d189 atmel_start.o
                              0x7d674 (size before relaxing)
 .debug_str     0x0007d189     0x10b4 Device_Startup/startup_samd21.o
                              0x717aa (size before relaxing)
 .debug_str     0x0007e23d     0x1721 driver_init.o
                              0x7bd8d (size before relaxing)
 .debug_str     0x0007f95e       0xb6 hal/src/hal_delay.o
                              0x792d0 (size before relaxing)
 .debug_str     0x0007fa14      0x177 hal/src/hal_i2c_m_sync.o
                              0x79b69 (size before relaxing)
 .debug_str     0x0007fb8b       0x2c hal/src/hal_io.o
                              0x79313 (size before relaxing)
 .debug_str     0x0007fbb7      0x49e hal/src/hal_usart_sync.o
                              0x79db3 (size before relaxing)
 .debug_str     0x00080055       0x2a hal/utils/src/utils_assert.o
                              0x79276 (size before relaxing)
 .debug_str     0x0008007f      0x778 hal/utils/src/utils_syscalls.o
                               0x7315 (size before relaxing)
 .debug_str     0x000807f7      0x32b hpl/core/hpl_core_m0plus_base.o
                              0x79d0d (size before relaxing)
 .debug_str     0x00080b22     0x17d7 hpl/core/hpl_init.o
                              0x7ae6b (size before relaxing)
 .debug_str     0x000822f9      0x84a hpl/gclk/hpl_gclk.o
                              0x79b8e (size before relaxing)
 .debug_str     0x00082b43      0x194 hpl/pm/hpl_pm.o
                              0x799ca (size before relaxing)
 .debug_str     0x00082cd7     0x48e5 hpl/sercom/hpl_sercom.o
                              0x7f217 (size before relaxing)
 .debug_str     0x000875bc     0x11d4 hpl/sysctrl/hpl_sysctrl.o
                              0x7a545 (size before relaxing)
 .debug_str     0x00088790       0xcd hpl/systick/hpl_systick.o
                              0x792be (size before relaxing)
 .debug_str     0x0008885d      0x1aa main.o
                              0x7d9ff (size before relaxing)
 .debug_str     0x00088a07       0xfa SSD1306_I2C.o
                              0x7d8f7 (size before relaxing)
 .debug_str     0x00088b01       0x2b stdio_redirect/gcc/read.o
                              0x7d023 (size before relaxing)
 .debug_str     0x00088b2c       0x2d stdio_redirect/gcc/write.o
                              0x7d025 (size before relaxing)
 .debug_str     0x00088b59       0x4b stdio_redirect/stdio_io.o
                              0x7d0be (size before relaxing)
 .debug_str     0x00088ba4       0x3b stdio_start.o
                              0x7d6a4 (size before relaxing)

.debug_frame    0x00000000     0x2048
 .debug_frame   0x00000000       0x28 atmel_start.o
 .debug_frame   0x00000028       0x40 Device_Startup/startup_samd21.o
 .debug_frame   0x00000068       0xc8 driver_init.o
 .debug_frame   0x00000130       0x68 hal/src/hal_delay.o
 .debug_frame   0x00000198      0x164 hal/src/hal_i2c_m_sync.o
 .debug_frame   0x000002fc       0x58 hal/src/hal_io.o
 .debug_frame   0x00000354      0x200 hal/src/hal_usart_sync.o
 .debug_frame   0x00000554       0x20 hal/utils/src/utils_assert.o
 .debug_frame   0x00000574       0xa8 hal/utils/src/utils_syscalls.o
 .debug_frame   0x0000061c       0xd4 hpl/core/hpl_core_m0plus_base.o
 .debug_frame   0x000006f0       0x28 hpl/core/hpl_init.o
 .debug_frame   0x00000718       0x30 hpl/gclk/hpl_gclk.o
 .debug_frame   0x00000748       0x40 hpl/pm/hpl_pm.o
 .debug_frame   0x00000788      0xde4 hpl/sercom/hpl_sercom.o
 .debug_frame   0x0000156c       0x30 hpl/sysctrl/hpl_sysctrl.o
 .debug_frame   0x0000159c       0x7c hpl/systick/hpl_systick.o
 .debug_frame   0x00001618       0x38 main.o
 .debug_frame   0x00001650      0x164 SSD1306_I2C.o
 .debug_frame   0x000017b4       0x28 stdio_redirect/gcc/read.o
 .debug_frame   0x000017dc       0x28 stdio_redirect/gcc/write.o
 .debug_frame   0x00001804       0x6c stdio_redirect/stdio_io.o
 .debug_frame   0x00001870       0x40 stdio_start.o
 .debug_frame   0x000018b0       0x20 c:/program files (x86)/atmel/studio/7.0/toolchain/arm/arm-gnu-toolchain/bin/../lib/gcc/arm-none-eabi/6.3.1/thumb/v6-m\libgcc.a(_udivsi3.o)
 .debug_frame   0x000018d0       0x2c c:/program files (x86)/atmel/studio/7.0/toolchain/arm/arm-gnu-toolchain/bin/../lib/gcc/arm-none-eabi/6.3.1/../../../../arm-none-eabi/lib/thumb/v6-m\libc_nano.a(lib_a-init.o)
 .debug_frame   0x000018fc       0x20 c:/program files (x86)/atmel/studio/7.0/toolchain/arm/arm-gnu-toolchain/bin/../lib/gcc/arm-none-eabi/6.3.1/../../../../arm-none-eabi/lib/thumb/v6-m\libc_nano.a(lib_a-memset.o)
 .debug_frame   0x0000191c       0x28 c:/program files (x86)/atmel/studio/7.0/toolchain/arm/arm-gnu-toolchain/bin/../lib/gcc/arm-none-eabi/6.3.1/../../../../arm-none-eabi/lib/thumb/v6-m\libc_nano.a(lib_a-setbuf.o)
 .debug_frame   0x00001944       0x30 c:/program files (x86)/atmel/studio/7.0/toolchain/arm/arm-gnu-toolchain/bin/../lib/gcc/arm-none-eabi/6.3.1/../../../../arm-none-eabi/lib/thumb/v6-m\libc_nano.a(lib_a-setvbuf.o)
 .debug_frame   0x00001974       0x50 c:/program files (x86)/atmel/studio/7.0/toolchain/arm/arm-gnu-toolchain/bin/../lib/gcc/arm-none-eabi/6.3.1/../../../../arm-none-eabi/lib/thumb/v6-m\libc_nano.a(lib_a-sprintf.o)
 .debug_frame   0x000019c4       0x68 c:/program files (x86)/atmel/studio/7.0/toolchain/arm/arm-gnu-toolchain/bin/../lib/gcc/arm-none-eabi/6.3.1/../../../../arm-none-eabi/lib/thumb/v6-m\libc_nano.a(lib_a-fflush.o)
 .debug_frame   0x00001a2c      0x140 c:/program files (x86)/atmel/studio/7.0/toolchain/arm/arm-gnu-toolchain/bin/../lib/gcc/arm-none-eabi/6.3.1/../../../../arm-none-eabi/lib/thumb/v6-m\libc_nano.a(lib_a-findfp.o)
 .debug_frame   0x00001b6c       0x58 c:/program files (x86)/atmel/studio/7.0/toolchain/arm/arm-gnu-toolchain/bin/../lib/gcc/arm-none-eabi/6.3.1/../../../../arm-none-eabi/lib/thumb/v6-m\libc_nano.a(lib_a-fwalk.o)
 .debug_frame   0x00001bc4       0x54 c:/program files (x86)/atmel/studio/7.0/toolchain/arm/arm-gnu-toolchain/bin/../lib/gcc/arm-none-eabi/6.3.1/../../../../arm-none-eabi/lib/thumb/v6-m\libc_nano.a(lib_a-makebuf.o)
 .debug_frame   0x00001c18       0x40 c:/program files (x86)/atmel/studio/7.0/toolchain/arm/arm-gnu-toolchain/bin/../lib/gcc/arm-none-eabi/6.3.1/../../../../arm-none-eabi/lib/thumb/v6-m\libc_nano.a(lib_a-malloc.o)
 .debug_frame   0x00001c58       0x2c c:/program files (x86)/atmel/studio/7.0/toolchain/arm/arm-gnu-toolchain/bin/../lib/gcc/arm-none-eabi/6.3.1/../../../../arm-none-eabi/lib/thumb/v6-m\libc_nano.a(lib_a-nano-freer.o)
 .debug_frame   0x00001c84       0x2c c:/program files (x86)/atmel/studio/7.0/toolchain/arm/arm-gnu-toolchain/bin/../lib/gcc/arm-none-eabi/6.3.1/../../../../arm-none-eabi/lib/thumb/v6-m\libc_nano.a(lib_a-nano-mallocr.o)
 .debug_frame   0x00001cb0       0x74 c:/program files (x86)/atmel/studio/7.0/toolchain/arm/arm-gnu-toolchain/bin/../lib/gcc/arm-none-eabi/6.3.1/../../../../arm-none-eabi/lib/thumb/v6-m\libc_nano.a(lib_a-nano-svfprintf.o)
 .debug_frame   0x00001d24       0x54 c:/program files (x86)/atmel/studio/7.0/toolchain/arm/arm-gnu-toolchain/bin/../lib/gcc/arm-none-eabi/6.3.1/../../../../arm-none-eabi/lib/thumb/v6-m\libc_nano.a(lib_a-nano-vfprintf_i.o)
 .debug_frame   0x00001d78       0x2c c:/program files (x86)/atmel/studio/7.0/toolchain/arm/arm-gnu-toolchain/bin/../lib/gcc/arm-none-eabi/6.3.1/../../../../arm-none-eabi/lib/thumb/v6-m\libc_nano.a(lib_a-sbrkr.o)
 .debug_frame   0x00001da4       0x90 c:/program files (x86)/atmel/studio/7.0/toolchain/arm/arm-gnu-toolchain/bin/../lib/gcc/arm-none-eabi/6.3.1/../../../../arm-none-eabi/lib/thumb/v6-m\libc_nano.a(lib_a-stdio.o)
 .debug_frame   0x00001e34       0x2c c:/program files (x86)/atmel/studio/7.0/toolchain/arm/arm-gnu-toolchain/bin/../lib/gcc/arm-none-eabi/6.3.1/../../../../arm-none-eabi/lib/thumb/v6-m\libc_nano.a(lib_a-writer.o)
 .debug_frame   0x00001e60       0x2c c:/program files (x86)/atmel/studio/7.0/toolchain/arm/arm-gnu-toolchain/bin/../lib/gcc/arm-none-eabi/6.3.1/../../../../arm-none-eabi/lib/thumb/v6-m\libc_nano.a(lib_a-closer.o)
 .debug_frame   0x00001e8c       0x2c c:/program files (x86)/atmel/studio/7.0/toolchain/arm/arm-gnu-toolchain/bin/../lib/gcc/arm-none-eabi/6.3.1/../../../../arm-none-eabi/lib/thumb/v6-m\libc_nano.a(lib_a-fstatr.o)
 .debug_frame   0x00001eb8       0x2c c:/program files (x86)/atmel/studio/7.0/toolchain/arm/arm-gnu-toolchain/bin/../lib/gcc/arm-none-eabi/6.3.1/../../../../arm-none-eabi/lib/thumb/v6-m\libc_nano.a(lib_a-lseekr.o)
 .debug_frame   0x00001ee4       0x20 c:/program files (x86)/atmel/studio/7.0/toolchain/arm/arm-gnu-toolchain/bin/../lib/gcc/arm-none-eabi/6.3.1/../../../../arm-none-eabi/lib/thumb/v6-m\libc_nano.a(lib_a-memchr-stub.o)
 .debug_frame   0x00001f04       0x28 c:/program files (x86)/atmel/studio/7.0/toolchain/arm/arm-gnu-toolchain/bin/../lib/gcc/arm-none-eabi/6.3.1/../../../../arm-none-eabi/lib/thumb/v6-m\libc_nano.a(lib_a-memcpy-stub.o)
 .debug_frame   0x00001f2c       0x28 c:/program files (x86)/atmel/studio/7.0/toolchain/arm/arm-gnu-toolchain/bin/../lib/gcc/arm-none-eabi/6.3.1/../../../../arm-none-eabi/lib/thumb/v6-m\libc_nano.a(lib_a-memmove.o)
 .debug_frame   0x00001f54       0x30 c:/program files (x86)/atmel/studio/7.0/toolchain/arm/arm-gnu-toolchain/bin/../lib/gcc/arm-none-eabi/6.3.1/../../../../arm-none-eabi/lib/thumb/v6-m\libc_nano.a(lib_a-mlock.o)
 .debug_frame   0x00001f84       0x30 c:/program files (x86)/atmel/studio/7.0/toolchain/arm/arm-gnu-toolchain/bin/../lib/gcc/arm-none-eabi/6.3.1/../../../../arm-none-eabi/lib/thumb/v6-m\libc_nano.a(lib_a-nano-reallocr.o)
 .debug_frame   0x00001fb4       0x2c c:/program files (x86)/atmel/studio/7.0/toolchain/arm/arm-gnu-toolchain/bin/../lib/gcc/arm-none-eabi/6.3.1/../../../../arm-none-eabi/lib/thumb/v6-m\libc_nano.a(lib_a-readr.o)
 .debug_frame   0x00001fe0       0x48 c:/program files (x86)/atmel/studio/7.0/toolchain/arm/arm-gnu-toolchain/bin/../lib/gcc/arm-none-eabi/6.3.1/../../../../arm-none-eabi/lib/thumb/v6-m\libc_nano.a(lib_a-reent.o)
 .debug_frame   0x00002028       0x20 c:/program files (x86)/atmel/studio/7.0/toolchain/arm/arm-gnu-toolchain/bin/../lib/gcc/arm-none-eabi/6.3.1/../../../../arm-none-eabi/lib/thumb/v6-m\libc_nano.a(lib_a-nano-msizer.o)
